../source/LPC55S69_PAWOS.c:34:15:Log2	24	static
../source/LPC55S69_PAWOS.c:41:13:ull_to_bytes	32	static
../source/LPC55S69_PAWOS.c:51:6:hex_to_bytes_array	32	static
../source/LPC55S69_PAWOS.c:59:6:puf	16	static
../source/LPC55S69_PAWOS.c:64:13:base_w	48	static
../source/LPC55S69_PAWOS.c:87:13:wots_checksum	80	dynamic
../source/LPC55S69_PAWOS.c:106:13:chain_lengths	24	static
../source/LPC55S69_PAWOS.c:112:6:len	32	static
../source/LPC55S69_PAWOS.c:119:6:calc_sha_256	120	static
../source/LPC55S69_PAWOS.c:132:6:PRF	56	dynamic
../source/LPC55S69_PAWOS.c:141:6:expand_seed	104	dynamic
../source/LPC55S69_PAWOS.c:156:5:verify_inclusion	160	dynamic
../source/LPC55S69_PAWOS.c:212:5:verify_path	168	static
../source/LPC55S69_PAWOS.c:252:6:gen_chain	64	dynamic
../source/LPC55S69_PAWOS.c:262:6:gen_pk	40	static
../source/LPC55S69_PAWOS.c:273:6:authenticate	136	dynamic
../source/LPC55S69_PAWOS.c:292:5:verify	176	dynamic
../source/LPC55S69_PAWOS.c:313:6:enroll	96	dynamic
../source/LPC55S69_PAWOS.c:329:5:main	680	dynamic
