../source/LPC55S69_PAWOS.c:86:15:Log2	24	static
../source/LPC55S69_PAWOS.c:93:13:ull_to_bytes	32	static
../source/LPC55S69_PAWOS.c:113:6:hex_to_bytes_array	32	static
../source/LPC55S69_PAWOS.c:121:6:puf	16	static
../source/LPC55S69_PAWOS.c:126:13:base_w	48	static
../source/LPC55S69_PAWOS.c:149:13:wots_checksum	80	dynamic
../source/LPC55S69_PAWOS.c:168:13:chain_lengths	24	static
../source/LPC55S69_PAWOS.c:174:6:len	32	static
../source/LPC55S69_PAWOS.c:184:6:calc_sha_256	120	static
../source/LPC55S69_PAWOS.c:205:6:PRF	56	dynamic
../source/LPC55S69_PAWOS.c:214:6:expand_seed	104	dynamic
../source/LPC55S69_PAWOS.c:229:5:verify_inclusion	160	dynamic
../source/LPC55S69_PAWOS.c:341:5:verify_path	168	static
../source/LPC55S69_PAWOS.c:411:6:gen_chain	64	dynamic
../source/LPC55S69_PAWOS.c:422:6:gen_pk	40	static
../source/LPC55S69_PAWOS.c:433:6:authenticate	136	dynamic
../source/LPC55S69_PAWOS.c:453:5:verify	176	dynamic
../source/LPC55S69_PAWOS.c:476:6:enroll	96	dynamic
../source/LPC55S69_PAWOS.c:502:5:main	744	dynamic
